// Vitest Snapshot v1, https://vitest.dev/guide/snapshot.html

exports[`WhatsApp > should be rendered 1`] = `
{
  "asFragment": [Function],
  "baseElement": <body>
    
    
    
  


    <div>
      <div>
        <h1>
          /test
        </h1>
        <div
          class="flex flex-col gap-3 my-4"
        >
          <a
            data-discover="true"
            href="/tes"
          >
            Tes
          </a>
          <a
            data-discover="true"
            href="/dashboard"
          >
            Dashboard
          </a>
        </div>
        <div
          class="flex gap-2 flex-wrap"
        >
          <a
            class="p-4 rounded-md bg-pink-200 hover:cursor-pointer w-28 "
            data-discover="true"
            href="/test/0"
          >
            <p>
              Data 
              0
            </p>
          </a>
          <a
            class="p-4 rounded-md bg-pink-200 hover:cursor-pointer w-28 "
            data-discover="true"
            href="/test/1"
          >
            <p>
              Data 
              1
            </p>
          </a>
          <a
            class="p-4 rounded-md bg-pink-200 hover:cursor-pointer w-28 "
            data-discover="true"
            href="/test/2"
          >
            <p>
              Data 
              2
            </p>
          </a>
          <a
            class="p-4 rounded-md bg-pink-200 hover:cursor-pointer w-28 "
            data-discover="true"
            href="/test/3"
          >
            <p>
              Data 
              3
            </p>
          </a>
          <a
            class="p-4 rounded-md bg-pink-200 hover:cursor-pointer w-28 "
            data-discover="true"
            href="/test/4"
          >
            <p>
              Data 
              4
            </p>
          </a>
          <a
            class="p-4 rounded-md bg-pink-200 hover:cursor-pointer w-28 "
            data-discover="true"
            href="/test/5"
          >
            <p>
              Data 
              5
            </p>
          </a>
          <a
            class="p-4 rounded-md bg-pink-200 hover:cursor-pointer w-28 "
            data-discover="true"
            href="/test/6"
          >
            <p>
              Data 
              6
            </p>
          </a>
          <a
            class="p-4 rounded-md bg-pink-200 hover:cursor-pointer w-28 "
            data-discover="true"
            href="/test/7"
          >
            <p>
              Data 
              7
            </p>
          </a>
          <a
            class="p-4 rounded-md bg-pink-200 hover:cursor-pointer w-28 "
            data-discover="true"
            href="/test/8"
          >
            <p>
              Data 
              8
            </p>
          </a>
          <a
            class="p-4 rounded-md bg-pink-200 hover:cursor-pointer w-28 "
            data-discover="true"
            href="/test/9"
          >
            <p>
              Data 
              9
            </p>
          </a>
          <a
            class="p-4 rounded-md bg-pink-200 hover:cursor-pointer w-28 "
            data-discover="true"
            href="/test/10"
          >
            <p>
              Data 
              10
            </p>
          </a>
          <a
            class="p-4 rounded-md bg-pink-200 hover:cursor-pointer w-28 "
            data-discover="true"
            href="/test/11"
          >
            <p>
              Data 
              11
            </p>
          </a>
          <a
            class="p-4 rounded-md bg-pink-200 hover:cursor-pointer w-28 "
            data-discover="true"
            href="/test/12"
          >
            <p>
              Data 
              12
            </p>
          </a>
          <a
            class="p-4 rounded-md bg-pink-200 hover:cursor-pointer w-28 "
            data-discover="true"
            href="/test/13"
          >
            <p>
              Data 
              13
            </p>
          </a>
          <a
            class="p-4 rounded-md bg-pink-200 hover:cursor-pointer w-28 "
            data-discover="true"
            href="/test/14"
          >
            <p>
              Data 
              14
            </p>
          </a>
          <a
            class="p-4 rounded-md bg-pink-200 hover:cursor-pointer w-28 "
            data-discover="true"
            href="/test/15"
          >
            <p>
              Data 
              15
            </p>
          </a>
          <a
            class="p-4 rounded-md bg-pink-200 hover:cursor-pointer w-28 "
            data-discover="true"
            href="/test/16"
          >
            <p>
              Data 
              16
            </p>
          </a>
          <a
            class="p-4 rounded-md bg-pink-200 hover:cursor-pointer w-28 "
            data-discover="true"
            href="/test/17"
          >
            <p>
              Data 
              17
            </p>
          </a>
          <a
            class="p-4 rounded-md bg-pink-200 hover:cursor-pointer w-28 "
            data-discover="true"
            href="/test/18"
          >
            <p>
              Data 
              18
            </p>
          </a>
          <a
            class="p-4 rounded-md bg-pink-200 hover:cursor-pointer w-28 "
            data-discover="true"
            href="/test/19"
          >
            <p>
              Data 
              19
            </p>
          </a>
          <a
            class="p-4 rounded-md bg-pink-200 hover:cursor-pointer w-28 "
            data-discover="true"
            href="/test/20"
          >
            <p>
              Data 
              20
            </p>
          </a>
          <a
            class="p-4 rounded-md bg-pink-200 hover:cursor-pointer w-28 "
            data-discover="true"
            href="/test/21"
          >
            <p>
              Data 
              21
            </p>
          </a>
          <a
            class="p-4 rounded-md bg-pink-200 hover:cursor-pointer w-28 "
            data-discover="true"
            href="/test/22"
          >
            <p>
              Data 
              22
            </p>
          </a>
          <a
            class="p-4 rounded-md bg-pink-200 hover:cursor-pointer w-28 "
            data-discover="true"
            href="/test/23"
          >
            <p>
              Data 
              23
            </p>
          </a>
          <a
            class="p-4 rounded-md bg-pink-200 hover:cursor-pointer w-28 "
            data-discover="true"
            href="/test/24"
          >
            <p>
              Data 
              24
            </p>
          </a>
          <a
            class="p-4 rounded-md bg-pink-200 hover:cursor-pointer w-28 "
            data-discover="true"
            href="/test/25"
          >
            <p>
              Data 
              25
            </p>
          </a>
          <a
            class="p-4 rounded-md bg-pink-200 hover:cursor-pointer w-28 "
            data-discover="true"
            href="/test/26"
          >
            <p>
              Data 
              26
            </p>
          </a>
          <a
            class="p-4 rounded-md bg-pink-200 hover:cursor-pointer w-28 "
            data-discover="true"
            href="/test/27"
          >
            <p>
              Data 
              27
            </p>
          </a>
          <a
            class="p-4 rounded-md bg-pink-200 hover:cursor-pointer w-28 "
            data-discover="true"
            href="/test/28"
          >
            <p>
              Data 
              28
            </p>
          </a>
          <a
            class="p-4 rounded-md bg-pink-200 hover:cursor-pointer w-28 "
            data-discover="true"
            href="/test/29"
          >
            <p>
              Data 
              29
            </p>
          </a>
          <a
            class="p-4 rounded-md bg-pink-200 hover:cursor-pointer w-28 "
            data-discover="true"
            href="/test/30"
          >
            <p>
              Data 
              30
            </p>
          </a>
          <a
            class="p-4 rounded-md bg-pink-200 hover:cursor-pointer w-28 "
            data-discover="true"
            href="/test/31"
          >
            <p>
              Data 
              31
            </p>
          </a>
          <a
            class="p-4 rounded-md bg-pink-200 hover:cursor-pointer w-28 "
            data-discover="true"
            href="/test/32"
          >
            <p>
              Data 
              32
            </p>
          </a>
          <a
            class="p-4 rounded-md bg-pink-200 hover:cursor-pointer w-28 "
            data-discover="true"
            href="/test/33"
          >
            <p>
              Data 
              33
            </p>
          </a>
          <a
            class="p-4 rounded-md bg-pink-200 hover:cursor-pointer w-28 "
            data-discover="true"
            href="/test/34"
          >
            <p>
              Data 
              34
            </p>
          </a>
          <a
            class="p-4 rounded-md bg-pink-200 hover:cursor-pointer w-28 "
            data-discover="true"
            href="/test/35"
          >
            <p>
              Data 
              35
            </p>
          </a>
          <a
            class="p-4 rounded-md bg-pink-200 hover:cursor-pointer w-28 "
            data-discover="true"
            href="/test/36"
          >
            <p>
              Data 
              36
            </p>
          </a>
          <a
            class="p-4 rounded-md bg-pink-200 hover:cursor-pointer w-28 "
            data-discover="true"
            href="/test/37"
          >
            <p>
              Data 
              37
            </p>
          </a>
          <a
            class="p-4 rounded-md bg-pink-200 hover:cursor-pointer w-28 "
            data-discover="true"
            href="/test/38"
          >
            <p>
              Data 
              38
            </p>
          </a>
          <a
            class="p-4 rounded-md bg-pink-200 hover:cursor-pointer w-28 "
            data-discover="true"
            href="/test/39"
          >
            <p>
              Data 
              39
            </p>
          </a>
          <a
            class="p-4 rounded-md bg-pink-200 hover:cursor-pointer w-28 "
            data-discover="true"
            href="/test/40"
          >
            <p>
              Data 
              40
            </p>
          </a>
          <a
            class="p-4 rounded-md bg-pink-200 hover:cursor-pointer w-28 "
            data-discover="true"
            href="/test/41"
          >
            <p>
              Data 
              41
            </p>
          </a>
          <a
            class="p-4 rounded-md bg-pink-200 hover:cursor-pointer w-28 "
            data-discover="true"
            href="/test/42"
          >
            <p>
              Data 
              42
            </p>
          </a>
          <a
            class="p-4 rounded-md bg-pink-200 hover:cursor-pointer w-28 "
            data-discover="true"
            href="/test/43"
          >
            <p>
              Data 
              43
            </p>
          </a>
          <a
            class="p-4 rounded-md bg-pink-200 hover:cursor-pointer w-28 "
            data-discover="true"
            href="/test/44"
          >
            <p>
              Data 
              44
            </p>
          </a>
          <a
            class="p-4 rounded-md bg-pink-200 hover:cursor-pointer w-28 "
            data-discover="true"
            href="/test/45"
          >
            <p>
              Data 
              45
            </p>
          </a>
          <a
            class="p-4 rounded-md bg-pink-200 hover:cursor-pointer w-28 "
            data-discover="true"
            href="/test/46"
          >
            <p>
              Data 
              46
            </p>
          </a>
          <a
            class="p-4 rounded-md bg-pink-200 hover:cursor-pointer w-28 "
            data-discover="true"
            href="/test/47"
          >
            <p>
              Data 
              47
            </p>
          </a>
          <a
            class="p-4 rounded-md bg-pink-200 hover:cursor-pointer w-28 "
            data-discover="true"
            href="/test/48"
          >
            <p>
              Data 
              48
            </p>
          </a>
          <a
            class="p-4 rounded-md bg-pink-200 hover:cursor-pointer w-28 "
            data-discover="true"
            href="/test/49"
          >
            <p>
              Data 
              49
            </p>
          </a>
          <a
            class="p-4 rounded-md bg-pink-200 hover:cursor-pointer w-28 "
            data-discover="true"
            href="/test/50"
          >
            <p>
              Data 
              50
            </p>
          </a>
          <a
            class="p-4 rounded-md bg-pink-200 hover:cursor-pointer w-28 "
            data-discover="true"
            href="/test/51"
          >
            <p>
              Data 
              51
            </p>
          </a>
          <a
            class="p-4 rounded-md bg-pink-200 hover:cursor-pointer w-28 "
            data-discover="true"
            href="/test/52"
          >
            <p>
              Data 
              52
            </p>
          </a>
          <a
            class="p-4 rounded-md bg-pink-200 hover:cursor-pointer w-28 "
            data-discover="true"
            href="/test/53"
          >
            <p>
              Data 
              53
            </p>
          </a>
          <a
            class="p-4 rounded-md bg-pink-200 hover:cursor-pointer w-28 "
            data-discover="true"
            href="/test/54"
          >
            <p>
              Data 
              54
            </p>
          </a>
          <a
            class="p-4 rounded-md bg-pink-200 hover:cursor-pointer w-28 "
            data-discover="true"
            href="/test/55"
          >
            <p>
              Data 
              55
            </p>
          </a>
          <a
            class="p-4 rounded-md bg-pink-200 hover:cursor-pointer w-28 "
            data-discover="true"
            href="/test/56"
          >
            <p>
              Data 
              56
            </p>
          </a>
          <a
            class="p-4 rounded-md bg-pink-200 hover:cursor-pointer w-28 "
            data-discover="true"
            href="/test/57"
          >
            <p>
              Data 
              57
            </p>
          </a>
          <a
            class="p-4 rounded-md bg-pink-200 hover:cursor-pointer w-28 "
            data-discover="true"
            href="/test/58"
          >
            <p>
              Data 
              58
            </p>
          </a>
          <a
            class="p-4 rounded-md bg-pink-200 hover:cursor-pointer w-28 "
            data-discover="true"
            href="/test/59"
          >
            <p>
              Data 
              59
            </p>
          </a>
          <a
            class="p-4 rounded-md bg-pink-200 hover:cursor-pointer w-28 "
            data-discover="true"
            href="/test/60"
          >
            <p>
              Data 
              60
            </p>
          </a>
          <a
            class="p-4 rounded-md bg-pink-200 hover:cursor-pointer w-28 "
            data-discover="true"
            href="/test/61"
          >
            <p>
              Data 
              61
            </p>
          </a>
          <a
            class="p-4 rounded-md bg-pink-200 hover:cursor-pointer w-28 "
            data-discover="true"
            href="/test/62"
          >
            <p>
              Data 
              62
            </p>
          </a>
          <a
            class="p-4 rounded-md bg-pink-200 hover:cursor-pointer w-28 "
            data-discover="true"
            href="/test/63"
          >
            <p>
              Data 
              63
            </p>
          </a>
          <a
            class="p-4 rounded-md bg-pink-200 hover:cursor-pointer w-28 "
            data-discover="true"
            href="/test/64"
          >
            <p>
              Data 
              64
            </p>
          </a>
          <a
            class="p-4 rounded-md bg-pink-200 hover:cursor-pointer w-28 "
            data-discover="true"
            href="/test/65"
          >
            <p>
              Data 
              65
            </p>
          </a>
          <a
            class="p-4 rounded-md bg-pink-200 hover:cursor-pointer w-28 "
            data-discover="true"
            href="/test/66"
          >
            <p>
              Data 
              66
            </p>
          </a>
          <a
            class="p-4 rounded-md bg-pink-200 hover:cursor-pointer w-28 "
            data-discover="true"
            href="/test/67"
          >
            <p>
              Data 
              67
            </p>
          </a>
          <a
            class="p-4 rounded-md bg-pink-200 hover:cursor-pointer w-28 "
            data-discover="true"
            href="/test/68"
          >
            <p>
              Data 
              68
            </p>
          </a>
          <a
            class="p-4 rounded-md bg-pink-200 hover:cursor-pointer w-28 "
            data-discover="true"
            href="/test/69"
          >
            <p>
              Data 
              69
            </p>
          </a>
          <a
            class="p-4 rounded-md bg-pink-200 hover:cursor-pointer w-28 "
            data-discover="true"
            href="/test/70"
          >
            <p>
              Data 
              70
            </p>
          </a>
          <a
            class="p-4 rounded-md bg-pink-200 hover:cursor-pointer w-28 "
            data-discover="true"
            href="/test/71"
          >
            <p>
              Data 
              71
            </p>
          </a>
          <a
            class="p-4 rounded-md bg-pink-200 hover:cursor-pointer w-28 "
            data-discover="true"
            href="/test/72"
          >
            <p>
              Data 
              72
            </p>
          </a>
          <a
            class="p-4 rounded-md bg-pink-200 hover:cursor-pointer w-28 "
            data-discover="true"
            href="/test/73"
          >
            <p>
              Data 
              73
            </p>
          </a>
          <a
            class="p-4 rounded-md bg-pink-200 hover:cursor-pointer w-28 "
            data-discover="true"
            href="/test/74"
          >
            <p>
              Data 
              74
            </p>
          </a>
          <a
            class="p-4 rounded-md bg-pink-200 hover:cursor-pointer w-28 "
            data-discover="true"
            href="/test/75"
          >
            <p>
              Data 
              75
            </p>
          </a>
          <a
            class="p-4 rounded-md bg-pink-200 hover:cursor-pointer w-28 "
            data-discover="true"
            href="/test/76"
          >
            <p>
              Data 
              76
            </p>
          </a>
          <a
            class="p-4 rounded-md bg-pink-200 hover:cursor-pointer w-28 "
            data-discover="true"
            href="/test/77"
          >
            <p>
              Data 
              77
            </p>
          </a>
          <a
            class="p-4 rounded-md bg-pink-200 hover:cursor-pointer w-28 "
            data-discover="true"
            href="/test/78"
          >
            <p>
              Data 
              78
            </p>
          </a>
          <a
            class="p-4 rounded-md bg-pink-200 hover:cursor-pointer w-28 "
            data-discover="true"
            href="/test/79"
          >
            <p>
              Data 
              79
            </p>
          </a>
          <a
            class="p-4 rounded-md bg-pink-200 hover:cursor-pointer w-28 "
            data-discover="true"
            href="/test/80"
          >
            <p>
              Data 
              80
            </p>
          </a>
          <a
            class="p-4 rounded-md bg-pink-200 hover:cursor-pointer w-28 "
            data-discover="true"
            href="/test/81"
          >
            <p>
              Data 
              81
            </p>
          </a>
          <a
            class="p-4 rounded-md bg-pink-200 hover:cursor-pointer w-28 "
            data-discover="true"
            href="/test/82"
          >
            <p>
              Data 
              82
            </p>
          </a>
          <a
            class="p-4 rounded-md bg-pink-200 hover:cursor-pointer w-28 "
            data-discover="true"
            href="/test/83"
          >
            <p>
              Data 
              83
            </p>
          </a>
          <a
            class="p-4 rounded-md bg-pink-200 hover:cursor-pointer w-28 "
            data-discover="true"
            href="/test/84"
          >
            <p>
              Data 
              84
            </p>
          </a>
          <a
            class="p-4 rounded-md bg-pink-200 hover:cursor-pointer w-28 "
            data-discover="true"
            href="/test/85"
          >
            <p>
              Data 
              85
            </p>
          </a>
          <a
            class="p-4 rounded-md bg-pink-200 hover:cursor-pointer w-28 "
            data-discover="true"
            href="/test/86"
          >
            <p>
              Data 
              86
            </p>
          </a>
          <a
            class="p-4 rounded-md bg-pink-200 hover:cursor-pointer w-28 "
            data-discover="true"
            href="/test/87"
          >
            <p>
              Data 
              87
            </p>
          </a>
          <a
            class="p-4 rounded-md bg-pink-200 hover:cursor-pointer w-28 "
            data-discover="true"
            href="/test/88"
          >
            <p>
              Data 
              88
            </p>
          </a>
          <a
            class="p-4 rounded-md bg-pink-200 hover:cursor-pointer w-28 "
            data-discover="true"
            href="/test/89"
          >
            <p>
              Data 
              89
            </p>
          </a>
          <a
            class="p-4 rounded-md bg-pink-200 hover:cursor-pointer w-28 "
            data-discover="true"
            href="/test/90"
          >
            <p>
              Data 
              90
            </p>
          </a>
          <a
            class="p-4 rounded-md bg-pink-200 hover:cursor-pointer w-28 "
            data-discover="true"
            href="/test/91"
          >
            <p>
              Data 
              91
            </p>
          </a>
          <a
            class="p-4 rounded-md bg-pink-200 hover:cursor-pointer w-28 "
            data-discover="true"
            href="/test/92"
          >
            <p>
              Data 
              92
            </p>
          </a>
          <a
            class="p-4 rounded-md bg-pink-200 hover:cursor-pointer w-28 "
            data-discover="true"
            href="/test/93"
          >
            <p>
              Data 
              93
            </p>
          </a>
          <a
            class="p-4 rounded-md bg-pink-200 hover:cursor-pointer w-28 "
            data-discover="true"
            href="/test/94"
          >
            <p>
              Data 
              94
            </p>
          </a>
          <a
            class="p-4 rounded-md bg-pink-200 hover:cursor-pointer w-28 "
            data-discover="true"
            href="/test/95"
          >
            <p>
              Data 
              95
            </p>
          </a>
          <a
            class="p-4 rounded-md bg-pink-200 hover:cursor-pointer w-28 "
            data-discover="true"
            href="/test/96"
          >
            <p>
              Data 
              96
            </p>
          </a>
          <a
            class="p-4 rounded-md bg-pink-200 hover:cursor-pointer w-28 "
            data-discover="true"
            href="/test/97"
          >
            <p>
              Data 
              97
            </p>
          </a>
          <a
            class="p-4 rounded-md bg-pink-200 hover:cursor-pointer w-28 "
            data-discover="true"
            href="/test/98"
          >
            <p>
              Data 
              98
            </p>
          </a>
          <a
            class="p-4 rounded-md bg-pink-200 hover:cursor-pointer w-28 "
            data-discover="true"
            href="/test/99"
          >
            <p>
              Data 
              99
            </p>
          </a>
        </div>
      </div>
    </div>
  </body>,
  "container": <div>
    <div>
      <h1>
        /test
      </h1>
      <div
        class="flex flex-col gap-3 my-4"
      >
        <a
          data-discover="true"
          href="/tes"
        >
          Tes
        </a>
        <a
          data-discover="true"
          href="/dashboard"
        >
          Dashboard
        </a>
      </div>
      <div
        class="flex gap-2 flex-wrap"
      >
        <a
          class="p-4 rounded-md bg-pink-200 hover:cursor-pointer w-28 "
          data-discover="true"
          href="/test/0"
        >
          <p>
            Data 
            0
          </p>
        </a>
        <a
          class="p-4 rounded-md bg-pink-200 hover:cursor-pointer w-28 "
          data-discover="true"
          href="/test/1"
        >
          <p>
            Data 
            1
          </p>
        </a>
        <a
          class="p-4 rounded-md bg-pink-200 hover:cursor-pointer w-28 "
          data-discover="true"
          href="/test/2"
        >
          <p>
            Data 
            2
          </p>
        </a>
        <a
          class="p-4 rounded-md bg-pink-200 hover:cursor-pointer w-28 "
          data-discover="true"
          href="/test/3"
        >
          <p>
            Data 
            3
          </p>
        </a>
        <a
          class="p-4 rounded-md bg-pink-200 hover:cursor-pointer w-28 "
          data-discover="true"
          href="/test/4"
        >
          <p>
            Data 
            4
          </p>
        </a>
        <a
          class="p-4 rounded-md bg-pink-200 hover:cursor-pointer w-28 "
          data-discover="true"
          href="/test/5"
        >
          <p>
            Data 
            5
          </p>
        </a>
        <a
          class="p-4 rounded-md bg-pink-200 hover:cursor-pointer w-28 "
          data-discover="true"
          href="/test/6"
        >
          <p>
            Data 
            6
          </p>
        </a>
        <a
          class="p-4 rounded-md bg-pink-200 hover:cursor-pointer w-28 "
          data-discover="true"
          href="/test/7"
        >
          <p>
            Data 
            7
          </p>
        </a>
        <a
          class="p-4 rounded-md bg-pink-200 hover:cursor-pointer w-28 "
          data-discover="true"
          href="/test/8"
        >
          <p>
            Data 
            8
          </p>
        </a>
        <a
          class="p-4 rounded-md bg-pink-200 hover:cursor-pointer w-28 "
          data-discover="true"
          href="/test/9"
        >
          <p>
            Data 
            9
          </p>
        </a>
        <a
          class="p-4 rounded-md bg-pink-200 hover:cursor-pointer w-28 "
          data-discover="true"
          href="/test/10"
        >
          <p>
            Data 
            10
          </p>
        </a>
        <a
          class="p-4 rounded-md bg-pink-200 hover:cursor-pointer w-28 "
          data-discover="true"
          href="/test/11"
        >
          <p>
            Data 
            11
          </p>
        </a>
        <a
          class="p-4 rounded-md bg-pink-200 hover:cursor-pointer w-28 "
          data-discover="true"
          href="/test/12"
        >
          <p>
            Data 
            12
          </p>
        </a>
        <a
          class="p-4 rounded-md bg-pink-200 hover:cursor-pointer w-28 "
          data-discover="true"
          href="/test/13"
        >
          <p>
            Data 
            13
          </p>
        </a>
        <a
          class="p-4 rounded-md bg-pink-200 hover:cursor-pointer w-28 "
          data-discover="true"
          href="/test/14"
        >
          <p>
            Data 
            14
          </p>
        </a>
        <a
          class="p-4 rounded-md bg-pink-200 hover:cursor-pointer w-28 "
          data-discover="true"
          href="/test/15"
        >
          <p>
            Data 
            15
          </p>
        </a>
        <a
          class="p-4 rounded-md bg-pink-200 hover:cursor-pointer w-28 "
          data-discover="true"
          href="/test/16"
        >
          <p>
            Data 
            16
          </p>
        </a>
        <a
          class="p-4 rounded-md bg-pink-200 hover:cursor-pointer w-28 "
          data-discover="true"
          href="/test/17"
        >
          <p>
            Data 
            17
          </p>
        </a>
        <a
          class="p-4 rounded-md bg-pink-200 hover:cursor-pointer w-28 "
          data-discover="true"
          href="/test/18"
        >
          <p>
            Data 
            18
          </p>
        </a>
        <a
          class="p-4 rounded-md bg-pink-200 hover:cursor-pointer w-28 "
          data-discover="true"
          href="/test/19"
        >
          <p>
            Data 
            19
          </p>
        </a>
        <a
          class="p-4 rounded-md bg-pink-200 hover:cursor-pointer w-28 "
          data-discover="true"
          href="/test/20"
        >
          <p>
            Data 
            20
          </p>
        </a>
        <a
          class="p-4 rounded-md bg-pink-200 hover:cursor-pointer w-28 "
          data-discover="true"
          href="/test/21"
        >
          <p>
            Data 
            21
          </p>
        </a>
        <a
          class="p-4 rounded-md bg-pink-200 hover:cursor-pointer w-28 "
          data-discover="true"
          href="/test/22"
        >
          <p>
            Data 
            22
          </p>
        </a>
        <a
          class="p-4 rounded-md bg-pink-200 hover:cursor-pointer w-28 "
          data-discover="true"
          href="/test/23"
        >
          <p>
            Data 
            23
          </p>
        </a>
        <a
          class="p-4 rounded-md bg-pink-200 hover:cursor-pointer w-28 "
          data-discover="true"
          href="/test/24"
        >
          <p>
            Data 
            24
          </p>
        </a>
        <a
          class="p-4 rounded-md bg-pink-200 hover:cursor-pointer w-28 "
          data-discover="true"
          href="/test/25"
        >
          <p>
            Data 
            25
          </p>
        </a>
        <a
          class="p-4 rounded-md bg-pink-200 hover:cursor-pointer w-28 "
          data-discover="true"
          href="/test/26"
        >
          <p>
            Data 
            26
          </p>
        </a>
        <a
          class="p-4 rounded-md bg-pink-200 hover:cursor-pointer w-28 "
          data-discover="true"
          href="/test/27"
        >
          <p>
            Data 
            27
          </p>
        </a>
        <a
          class="p-4 rounded-md bg-pink-200 hover:cursor-pointer w-28 "
          data-discover="true"
          href="/test/28"
        >
          <p>
            Data 
            28
          </p>
        </a>
        <a
          class="p-4 rounded-md bg-pink-200 hover:cursor-pointer w-28 "
          data-discover="true"
          href="/test/29"
        >
          <p>
            Data 
            29
          </p>
        </a>
        <a
          class="p-4 rounded-md bg-pink-200 hover:cursor-pointer w-28 "
          data-discover="true"
          href="/test/30"
        >
          <p>
            Data 
            30
          </p>
        </a>
        <a
          class="p-4 rounded-md bg-pink-200 hover:cursor-pointer w-28 "
          data-discover="true"
          href="/test/31"
        >
          <p>
            Data 
            31
          </p>
        </a>
        <a
          class="p-4 rounded-md bg-pink-200 hover:cursor-pointer w-28 "
          data-discover="true"
          href="/test/32"
        >
          <p>
            Data 
            32
          </p>
        </a>
        <a
          class="p-4 rounded-md bg-pink-200 hover:cursor-pointer w-28 "
          data-discover="true"
          href="/test/33"
        >
          <p>
            Data 
            33
          </p>
        </a>
        <a
          class="p-4 rounded-md bg-pink-200 hover:cursor-pointer w-28 "
          data-discover="true"
          href="/test/34"
        >
          <p>
            Data 
            34
          </p>
        </a>
        <a
          class="p-4 rounded-md bg-pink-200 hover:cursor-pointer w-28 "
          data-discover="true"
          href="/test/35"
        >
          <p>
            Data 
            35
          </p>
        </a>
        <a
          class="p-4 rounded-md bg-pink-200 hover:cursor-pointer w-28 "
          data-discover="true"
          href="/test/36"
        >
          <p>
            Data 
            36
          </p>
        </a>
        <a
          class="p-4 rounded-md bg-pink-200 hover:cursor-pointer w-28 "
          data-discover="true"
          href="/test/37"
        >
          <p>
            Data 
            37
          </p>
        </a>
        <a
          class="p-4 rounded-md bg-pink-200 hover:cursor-pointer w-28 "
          data-discover="true"
          href="/test/38"
        >
          <p>
            Data 
            38
          </p>
        </a>
        <a
          class="p-4 rounded-md bg-pink-200 hover:cursor-pointer w-28 "
          data-discover="true"
          href="/test/39"
        >
          <p>
            Data 
            39
          </p>
        </a>
        <a
          class="p-4 rounded-md bg-pink-200 hover:cursor-pointer w-28 "
          data-discover="true"
          href="/test/40"
        >
          <p>
            Data 
            40
          </p>
        </a>
        <a
          class="p-4 rounded-md bg-pink-200 hover:cursor-pointer w-28 "
          data-discover="true"
          href="/test/41"
        >
          <p>
            Data 
            41
          </p>
        </a>
        <a
          class="p-4 rounded-md bg-pink-200 hover:cursor-pointer w-28 "
          data-discover="true"
          href="/test/42"
        >
          <p>
            Data 
            42
          </p>
        </a>
        <a
          class="p-4 rounded-md bg-pink-200 hover:cursor-pointer w-28 "
          data-discover="true"
          href="/test/43"
        >
          <p>
            Data 
            43
          </p>
        </a>
        <a
          class="p-4 rounded-md bg-pink-200 hover:cursor-pointer w-28 "
          data-discover="true"
          href="/test/44"
        >
          <p>
            Data 
            44
          </p>
        </a>
        <a
          class="p-4 rounded-md bg-pink-200 hover:cursor-pointer w-28 "
          data-discover="true"
          href="/test/45"
        >
          <p>
            Data 
            45
          </p>
        </a>
        <a
          class="p-4 rounded-md bg-pink-200 hover:cursor-pointer w-28 "
          data-discover="true"
          href="/test/46"
        >
          <p>
            Data 
            46
          </p>
        </a>
        <a
          class="p-4 rounded-md bg-pink-200 hover:cursor-pointer w-28 "
          data-discover="true"
          href="/test/47"
        >
          <p>
            Data 
            47
          </p>
        </a>
        <a
          class="p-4 rounded-md bg-pink-200 hover:cursor-pointer w-28 "
          data-discover="true"
          href="/test/48"
        >
          <p>
            Data 
            48
          </p>
        </a>
        <a
          class="p-4 rounded-md bg-pink-200 hover:cursor-pointer w-28 "
          data-discover="true"
          href="/test/49"
        >
          <p>
            Data 
            49
          </p>
        </a>
        <a
          class="p-4 rounded-md bg-pink-200 hover:cursor-pointer w-28 "
          data-discover="true"
          href="/test/50"
        >
          <p>
            Data 
            50
          </p>
        </a>
        <a
          class="p-4 rounded-md bg-pink-200 hover:cursor-pointer w-28 "
          data-discover="true"
          href="/test/51"
        >
          <p>
            Data 
            51
          </p>
        </a>
        <a
          class="p-4 rounded-md bg-pink-200 hover:cursor-pointer w-28 "
          data-discover="true"
          href="/test/52"
        >
          <p>
            Data 
            52
          </p>
        </a>
        <a
          class="p-4 rounded-md bg-pink-200 hover:cursor-pointer w-28 "
          data-discover="true"
          href="/test/53"
        >
          <p>
            Data 
            53
          </p>
        </a>
        <a
          class="p-4 rounded-md bg-pink-200 hover:cursor-pointer w-28 "
          data-discover="true"
          href="/test/54"
        >
          <p>
            Data 
            54
          </p>
        </a>
        <a
          class="p-4 rounded-md bg-pink-200 hover:cursor-pointer w-28 "
          data-discover="true"
          href="/test/55"
        >
          <p>
            Data 
            55
          </p>
        </a>
        <a
          class="p-4 rounded-md bg-pink-200 hover:cursor-pointer w-28 "
          data-discover="true"
          href="/test/56"
        >
          <p>
            Data 
            56
          </p>
        </a>
        <a
          class="p-4 rounded-md bg-pink-200 hover:cursor-pointer w-28 "
          data-discover="true"
          href="/test/57"
        >
          <p>
            Data 
            57
          </p>
        </a>
        <a
          class="p-4 rounded-md bg-pink-200 hover:cursor-pointer w-28 "
          data-discover="true"
          href="/test/58"
        >
          <p>
            Data 
            58
          </p>
        </a>
        <a
          class="p-4 rounded-md bg-pink-200 hover:cursor-pointer w-28 "
          data-discover="true"
          href="/test/59"
        >
          <p>
            Data 
            59
          </p>
        </a>
        <a
          class="p-4 rounded-md bg-pink-200 hover:cursor-pointer w-28 "
          data-discover="true"
          href="/test/60"
        >
          <p>
            Data 
            60
          </p>
        </a>
        <a
          class="p-4 rounded-md bg-pink-200 hover:cursor-pointer w-28 "
          data-discover="true"
          href="/test/61"
        >
          <p>
            Data 
            61
          </p>
        </a>
        <a
          class="p-4 rounded-md bg-pink-200 hover:cursor-pointer w-28 "
          data-discover="true"
          href="/test/62"
        >
          <p>
            Data 
            62
          </p>
        </a>
        <a
          class="p-4 rounded-md bg-pink-200 hover:cursor-pointer w-28 "
          data-discover="true"
          href="/test/63"
        >
          <p>
            Data 
            63
          </p>
        </a>
        <a
          class="p-4 rounded-md bg-pink-200 hover:cursor-pointer w-28 "
          data-discover="true"
          href="/test/64"
        >
          <p>
            Data 
            64
          </p>
        </a>
        <a
          class="p-4 rounded-md bg-pink-200 hover:cursor-pointer w-28 "
          data-discover="true"
          href="/test/65"
        >
          <p>
            Data 
            65
          </p>
        </a>
        <a
          class="p-4 rounded-md bg-pink-200 hover:cursor-pointer w-28 "
          data-discover="true"
          href="/test/66"
        >
          <p>
            Data 
            66
          </p>
        </a>
        <a
          class="p-4 rounded-md bg-pink-200 hover:cursor-pointer w-28 "
          data-discover="true"
          href="/test/67"
        >
          <p>
            Data 
            67
          </p>
        </a>
        <a
          class="p-4 rounded-md bg-pink-200 hover:cursor-pointer w-28 "
          data-discover="true"
          href="/test/68"
        >
          <p>
            Data 
            68
          </p>
        </a>
        <a
          class="p-4 rounded-md bg-pink-200 hover:cursor-pointer w-28 "
          data-discover="true"
          href="/test/69"
        >
          <p>
            Data 
            69
          </p>
        </a>
        <a
          class="p-4 rounded-md bg-pink-200 hover:cursor-pointer w-28 "
          data-discover="true"
          href="/test/70"
        >
          <p>
            Data 
            70
          </p>
        </a>
        <a
          class="p-4 rounded-md bg-pink-200 hover:cursor-pointer w-28 "
          data-discover="true"
          href="/test/71"
        >
          <p>
            Data 
            71
          </p>
        </a>
        <a
          class="p-4 rounded-md bg-pink-200 hover:cursor-pointer w-28 "
          data-discover="true"
          href="/test/72"
        >
          <p>
            Data 
            72
          </p>
        </a>
        <a
          class="p-4 rounded-md bg-pink-200 hover:cursor-pointer w-28 "
          data-discover="true"
          href="/test/73"
        >
          <p>
            Data 
            73
          </p>
        </a>
        <a
          class="p-4 rounded-md bg-pink-200 hover:cursor-pointer w-28 "
          data-discover="true"
          href="/test/74"
        >
          <p>
            Data 
            74
          </p>
        </a>
        <a
          class="p-4 rounded-md bg-pink-200 hover:cursor-pointer w-28 "
          data-discover="true"
          href="/test/75"
        >
          <p>
            Data 
            75
          </p>
        </a>
        <a
          class="p-4 rounded-md bg-pink-200 hover:cursor-pointer w-28 "
          data-discover="true"
          href="/test/76"
        >
          <p>
            Data 
            76
          </p>
        </a>
        <a
          class="p-4 rounded-md bg-pink-200 hover:cursor-pointer w-28 "
          data-discover="true"
          href="/test/77"
        >
          <p>
            Data 
            77
          </p>
        </a>
        <a
          class="p-4 rounded-md bg-pink-200 hover:cursor-pointer w-28 "
          data-discover="true"
          href="/test/78"
        >
          <p>
            Data 
            78
          </p>
        </a>
        <a
          class="p-4 rounded-md bg-pink-200 hover:cursor-pointer w-28 "
          data-discover="true"
          href="/test/79"
        >
          <p>
            Data 
            79
          </p>
        </a>
        <a
          class="p-4 rounded-md bg-pink-200 hover:cursor-pointer w-28 "
          data-discover="true"
          href="/test/80"
        >
          <p>
            Data 
            80
          </p>
        </a>
        <a
          class="p-4 rounded-md bg-pink-200 hover:cursor-pointer w-28 "
          data-discover="true"
          href="/test/81"
        >
          <p>
            Data 
            81
          </p>
        </a>
        <a
          class="p-4 rounded-md bg-pink-200 hover:cursor-pointer w-28 "
          data-discover="true"
          href="/test/82"
        >
          <p>
            Data 
            82
          </p>
        </a>
        <a
          class="p-4 rounded-md bg-pink-200 hover:cursor-pointer w-28 "
          data-discover="true"
          href="/test/83"
        >
          <p>
            Data 
            83
          </p>
        </a>
        <a
          class="p-4 rounded-md bg-pink-200 hover:cursor-pointer w-28 "
          data-discover="true"
          href="/test/84"
        >
          <p>
            Data 
            84
          </p>
        </a>
        <a
          class="p-4 rounded-md bg-pink-200 hover:cursor-pointer w-28 "
          data-discover="true"
          href="/test/85"
        >
          <p>
            Data 
            85
          </p>
        </a>
        <a
          class="p-4 rounded-md bg-pink-200 hover:cursor-pointer w-28 "
          data-discover="true"
          href="/test/86"
        >
          <p>
            Data 
            86
          </p>
        </a>
        <a
          class="p-4 rounded-md bg-pink-200 hover:cursor-pointer w-28 "
          data-discover="true"
          href="/test/87"
        >
          <p>
            Data 
            87
          </p>
        </a>
        <a
          class="p-4 rounded-md bg-pink-200 hover:cursor-pointer w-28 "
          data-discover="true"
          href="/test/88"
        >
          <p>
            Data 
            88
          </p>
        </a>
        <a
          class="p-4 rounded-md bg-pink-200 hover:cursor-pointer w-28 "
          data-discover="true"
          href="/test/89"
        >
          <p>
            Data 
            89
          </p>
        </a>
        <a
          class="p-4 rounded-md bg-pink-200 hover:cursor-pointer w-28 "
          data-discover="true"
          href="/test/90"
        >
          <p>
            Data 
            90
          </p>
        </a>
        <a
          class="p-4 rounded-md bg-pink-200 hover:cursor-pointer w-28 "
          data-discover="true"
          href="/test/91"
        >
          <p>
            Data 
            91
          </p>
        </a>
        <a
          class="p-4 rounded-md bg-pink-200 hover:cursor-pointer w-28 "
          data-discover="true"
          href="/test/92"
        >
          <p>
            Data 
            92
          </p>
        </a>
        <a
          class="p-4 rounded-md bg-pink-200 hover:cursor-pointer w-28 "
          data-discover="true"
          href="/test/93"
        >
          <p>
            Data 
            93
          </p>
        </a>
        <a
          class="p-4 rounded-md bg-pink-200 hover:cursor-pointer w-28 "
          data-discover="true"
          href="/test/94"
        >
          <p>
            Data 
            94
          </p>
        </a>
        <a
          class="p-4 rounded-md bg-pink-200 hover:cursor-pointer w-28 "
          data-discover="true"
          href="/test/95"
        >
          <p>
            Data 
            95
          </p>
        </a>
        <a
          class="p-4 rounded-md bg-pink-200 hover:cursor-pointer w-28 "
          data-discover="true"
          href="/test/96"
        >
          <p>
            Data 
            96
          </p>
        </a>
        <a
          class="p-4 rounded-md bg-pink-200 hover:cursor-pointer w-28 "
          data-discover="true"
          href="/test/97"
        >
          <p>
            Data 
            97
          </p>
        </a>
        <a
          class="p-4 rounded-md bg-pink-200 hover:cursor-pointer w-28 "
          data-discover="true"
          href="/test/98"
        >
          <p>
            Data 
            98
          </p>
        </a>
        <a
          class="p-4 rounded-md bg-pink-200 hover:cursor-pointer w-28 "
          data-discover="true"
          href="/test/99"
        >
          <p>
            Data 
            99
          </p>
        </a>
      </div>
    </div>
  </div>,
  "debug": [Function],
  "getByAltText": [Function],
  "getByLabelText": [Function],
  "getByPlaceholder": [Function],
  "getByRole": [Function],
  "getByTestId": [Function],
  "getByText": [Function],
  "getByTitle": [Function],
  "rerender": [Function],
  "unmount": [Function],
}
`;
